******************************************************************************
                  TI ARM Linker PC v5.2.5                      
******************************************************************************
>> Linked Tue Apr 26 09:21:35 2016

OUTPUT FILE NAME:   <Merge av kod.out>
ENTRY POINT SYMBOL: "_c_int00"  address: 0000196d


MEMORY CONFIGURATION

         name            origin    length      used     unused   attr    fill
----------------------  --------  ---------  --------  --------  ----  --------
  FLASH                 00000000   00040000  00002222  0003ddde  R  X
  SRAM                  20000000   00008000  000004f4  00007b0c  RW X


SEGMENT ALLOCATION MAP

run origin  load origin   length   init length attrs members
----------  ----------- ---------- ----------- ----- -------
00000000    00000000    00002228   00002228    r-x
  00000000    00000000    0000026c   0000026c    r-- .intvecs
  0000026c    0000026c    00001c7a   00001c7a    r-x .text
  00001ee8    00001ee8    000002ec   000002ec    r-- .const
  000021d8    000021d8    00000050   00000050    r-- .cinit
20000000    20000000    000004f8   00000000    rw-
  20000000    20000000    0000026c   00000000    rw- .vtable
  2000026c    2000026c    00000200   00000000    rw- .stack
  20000470    20000470    00000058   00000000    rw- .data
  200004c8    200004c8    00000030   00000000    rw- .bss


SECTION ALLOCATION MAP

 output                                  attributes/
section   page    origin      length       input sections
--------  ----  ----------  ----------   ----------------
.intvecs   0    00000000    0000026c     
                  00000000    0000026c     tm4c123gh6pm_startup_ccs.obj (.intvecs)

.text      0    0000026c    00001c7a     
                  0000026c    00000b4c     main.obj (.text)
                  00000db8    000001b6     rtsv7M4_T_le_v4SPD16_eabi.lib : fd_add_t2.obj (.text)
                  00000f6e    00000136                                   : fd_div_t2.obj (.text)
                  000010a4    00000132     driverlib.lib : gpio.obj (.text:GPIOPadConfigSet)
                  000011d6    00000002     --HOLE-- [fill = 0]
                  000011d8    00000110                   : sysctl.obj (.text:SysCtlClockGet)
                  000012e8    000000fc     rtsv7M4_T_le_v4SPD16_eabi.lib : fd_mul_t2.obj (.text)
                  000013e4    000000f4     driverlib.lib : sysctl.obj (.text:SysCtlClockSet)
                  000014d8    0000009c     rtsv7M4_T_le_v4SPD16_eabi.lib : memcpy_t2.obj (.text)
                  00001574    00000086                                   : fd_cmp_t2.obj (.text:__aeabi_cdcmple)
                  000015fa    00000086                                   : fd_cmp_t2.obj (.text:__aeabi_cdrcmple)
                  00001680    0000007a     driverlib.lib : adc.obj (.text:ADCSequenceStepConfigure)
                  000016fa    0000007a     rtsv7M4_T_le_v4SPD16_eabi.lib : memset_t2.obj (.text)
                  00001774    0000006c                                   : autoinit.obj (.text)
                  000017e0    0000006a                                   : copy_decompress_rle.obj (.text)
                  0000184a    00000002     --HOLE-- [fill = 0]
                  0000184c    00000068     driverlib.lib : interrupt.obj (.text:IntEnable)
                  000018b4    00000060                   : timer.obj (.text:TimerConfigure)
                  00001914    00000056                   : gpio.obj (.text:GPIOIntTypeSet)
                  0000196a    00000002     --HOLE-- [fill = 0]
                  0000196c    00000050     rtsv7M4_T_le_v4SPD16_eabi.lib : boot.obj (.text)
                  000019bc    0000004c                                   : cpy_tbl.obj (.text)
                  00001a08    00000048     driverlib.lib : gpio.obj (.text:GPIOPinConfigure)
                  00001a50    00000046                   : uart.obj (.text:UARTConfigSetExpClk)
                  00001a96    00000002     --HOLE-- [fill = 0]
                  00001a98    00000044     rtsv7M4_T_le_v4SPD16_eabi.lib : exit.obj (.text)
                  00001adc    00000044                                   : fd_tou_t2.obj (.text)
                  00001b20    00000040     driverlib.lib : gpio.obj (.text:_GPIOIntNumberGet)
                  00001b60    0000003e                   : adc.obj (.text:ADCSequenceConfigure)
                  00001b9e    00000002     --HOLE-- [fill = 0]
                  00001ba0    00000034                   : interrupt.obj (.text:IntRegister)
                  00001bd4    00000034                   : sysctl.obj (.text:SysCtlPeripheralEnable)
                  00001c08    0000002a                   : gpio.obj (.text:GPIODirModeSet)
                  00001c32    00000022                   : pwm.obj (.text:PWMGenConfigure)
                  00001c54    00000020                   : uart.obj (.text:UARTDisable)
                  00001c74    00000020     rtsv7M4_T_le_v4SPD16_eabi.lib : u_tofd_t2.obj (.text)
                  00001c94    0000001e     driverlib.lib : adc.obj (.text:ADCSequenceDataGet)
                  00001cb2    0000001e                   : pwm.obj (.text:PWMPulseWidthSet)
                  00001cd0    00000018                   : adc.obj (.text:ADCProcessorTrigger)
                  00001ce8    00000018                   : gpio.obj (.text:GPIOIntRegister)
                  00001d00    00000018                   : gpio.obj (.text:GPIOPinTypeGPIOOutput)
                  00001d18    00000018                   : timer.obj (.text:TimerDisable)
                  00001d30    00000018     rtsv7M4_T_le_v4SPD16_eabi.lib : args_main.obj (.text)
                  00001d48    00000014     driverlib.lib : sysctl.obj (.text:SysCtlPWMClockSet)
                  00001d5c    00000014                   : uart.obj (.text:UARTEnable)
                  00001d70    00000014     rtsv7M4_T_le_v4SPD16_eabi.lib : _lock.obj (.text)
                  00001d84    00000012     driverlib.lib : gpio.obj (.text:GPIOPinTypeADC)
                  00001d96    00000012                   : gpio.obj (.text:GPIOPinTypeGPIOInput)
                  00001da8    00000012                   : gpio.obj (.text:GPIOPinTypePWM)
                  00001dba    00000012                   : gpio.obj (.text:GPIOPinTypeUART)
                  00001dcc    00000012                   : pwm.obj (.text:PWMOutputState)
                  00001dde    00000012                   : timer.obj (.text:TimerLoadSet)
                  00001df0    00000010                   : adc.obj (.text:ADCIntEnable)
                  00001e00    00000010                   : interrupt.obj (.text:IntMasterEnable)
                  00001e10    00000010                   : pwm.obj (.text:PWMGenPeriodSet)
                  00001e20    0000000e                   : adc.obj (.text:ADCSequenceEnable)
                  00001e2e    0000000e                   : gpio.obj (.text:GPIOIntDisable)
                  00001e3c    0000000e                   : timer.obj (.text:TimerEnable)
                  00001e4a    0000000e                   : uart.obj (.text:UARTCharsAvail)
                  00001e58    0000000e     rtsv7M4_T_le_v4SPD16_eabi.lib : copy_decompress_none.obj (.text:decompress:none)
                  00001e66    0000000c     driverlib.lib : cpu.obj (.text:CPUcpsie)
                  00001e72    0000000c                   : gpio.obj (.text:GPIOIntEnable)
                  00001e7e    0000000c                   : pwm.obj (.text:PWMGenEnable)
                  00001e8a    0000000c     rtsv7M4_T_le_v4SPD16_eabi.lib : copy_zero_init.obj (.text:decompress:ZI)
                  00001e96    0000000c     tm4c123gh6pm_startup_ccs.obj (.text)
                  00001ea2    0000000a     driverlib.lib : adc.obj (.text:ADCIntClear)
                  00001eac    0000000a                   : timer.obj (.text:TimerValueGet)
                  00001eb6    0000000a                   : uart.obj (.text:UARTCharGet)
                  00001ec0    0000000a                   : uart.obj (.text:UARTCharPut)
                  00001eca    00000006                   : gpio.obj (.text:GPIOIntClear)
                  00001ed0    00000006                   : gpio.obj (.text:GPIOPinWrite)
                  00001ed6    00000006                   : sysctl.obj (.text:SysCtlDelay)
                  00001edc    00000006     rtsv7M4_T_le_v4SPD16_eabi.lib : copy_decompress_rle.obj (.text:decompress:rle24)
                  00001ee2    00000004                                   : pre_init.obj (.text)

.const     0    00001ee8    000002ec     
                  00001ee8    000000c0     driverlib.lib : gpio.obj (.const:g_ppui32GPIOIntMapBlizzard)
                  00001fa8    000000c0                   : gpio.obj (.const:g_ppui32GPIOIntMapSnowflake)
                  00002068    00000090                   : gpio.obj (.const:g_pui32GPIOBaseAddrs)
                  000020f8    00000070                   : interrupt.obj (.const)
                  00002168    0000006c                   : sysctl.obj (.const:g_pui32Xtals)

.cinit     0    000021d8    00000050     
                  000021d8    00000018     (.cinit..data.load) [load image, compression = rle]
                  000021f0    0000000c     (__TI_handler_table)
                  000021fc    00000004     --HOLE-- [fill = 0]
                  00002200    00000008     (.cinit..bss.load) [load image, compression = zero_init]
                  00002208    00000008     (.cinit..vtable.load) [load image, compression = zero_init]
                  00002210    00000018     (__TI_cinit_table)

.init_array 
*          0    00000000    00000000     UNINITIALIZED

.vtable    0    20000000    0000026c     UNINITIALIZED
                  20000000    0000026c     driverlib.lib : interrupt.obj (.vtable)

.stack     0    2000026c    00000200     UNINITIALIZED
                  2000026c    00000200     --HOLE--

.data      0    20000470    00000058     UNINITIALIZED
                  20000470    00000041     main.obj (.data)
                  200004b1    00000003     --HOLE--
                  200004b4    00000008     rtsv7M4_T_le_v4SPD16_eabi.lib : _lock.obj (.data)
                  200004bc    00000008                                   : exit.obj (.data)
                  200004c4    00000004                                   : stkdepth_vars.obj (.data)

.bss       0    200004c8    00000030     UNINITIALIZED
                  200004c8    00000010     (.common:ui32ADC0Value)
                  200004d8    00000004     (.common:counterms)
                  200004dc    00000004     (.common:ui32Distance)
                  200004e0    00000004     (.common:ui32Distance2)
                  200004e4    00000004     (.common:ui32Distance3)
                  200004e8    00000004     (.common:ui32Period)
                  200004ec    00000004     (.common:ui32Timer)
                  200004f0    00000004     (.common:ui32Timer2)
                  200004f4    00000004     (.common:ui32Timer3)

.TI.persistent 
*          0    20000470    00000000     UNINITIALIZED

.TI.noinit 
*          0    200004c8    00000000     UNINITIALIZED


LINKER GENERATED COPY TABLES

__TI_cinit_table @ 00002210 records: 3, size/record: 8, table size: 24
	.data: load addr=000021d8, load size=00000018 bytes, run addr=20000470, run size=00000058 bytes, compression=rle
	.bss: load addr=00002200, load size=00000008 bytes, run addr=200004c8, run size=00000030 bytes, compression=zero_init
	.vtable: load addr=00002208, load size=00000008 bytes, run addr=20000000, run size=0000026c bytes, compression=zero_init


LINKER GENERATED HANDLER TABLE

__TI_handler_table @ 000021f0 records: 3, size/record: 4, table size: 12
	index: 0, handler: __TI_zero_init
	index: 1, handler: __TI_decompress_rle24
	index: 2, handler: __TI_decompress_none


GLOBAL SYMBOLS: SORTED ALPHABETICALLY BY Name 

address   name                    
-------   ----                    
000006cd  ADC0IntHandler          
00001ea3  ADCIntClear             
00001df1  ADCIntEnable            
00001cd1  ADCProcessorTrigger     
00001b61  ADCSequenceConfigure    
00001c95  ADCSequenceDataGet      
00001e21  ADCSequenceEnable       
00001681  ADCSequenceStepConfigure
00001a99  C$$EXIT                 
00001e67  CPUcpsie                
00001c09  GPIODirModeSet          
00001ecb  GPIOIntClear            
00001e2f  GPIOIntDisable          
00001e73  GPIOIntEnable           
00001ce9  GPIOIntRegister         
00001915  GPIOIntTypeSet          
000010a5  GPIOPadConfigSet        
00001a09  GPIOPinConfigure        
00001d85  GPIOPinTypeADC          
00001d97  GPIOPinTypeGPIOInput    
00001d01  GPIOPinTypeGPIOOutput   
00001da9  GPIOPinTypePWM          
00001dbb  GPIOPinTypeUART         
00001ed1  GPIOPinWrite            
0000184d  IntEnable               
00001e01  IntMasterEnable         
00001ba1  IntRegister             
00001c33  PWMGenConfigure         
00001e7f  PWMGenEnable            
00001e11  PWMGenPeriodSet         
00001dcd  PWMOutputState          
00001cb3  PWMPulseWidthSet        
00001e97  ResetISR                
UNDEFED   SHT$$INIT_ARRAY$$Base   
UNDEFED   SHT$$INIT_ARRAY$$Limit  
000011d9  SysCtlClockGet          
000013e5  SysCtlClockSet          
00001ed7  SysCtlDelay             
00001d49  SysCtlPWMClockSet       
00001bd5  SysCtlPeripheralEnable  
000018b5  TimerConfigure          
00001d19  TimerDisable            
00001e3d  TimerEnable             
00001ddf  TimerLoadSet            
00001ead  TimerValueGet           
000007cb  TrigDown                
00000841  TrigDown2               
000008fd  TrigDown3               
0000079d  TrigUp                  
00000813  TrigUp2                 
000008cf  TrigUp3                 
00001eb7  UARTCharGet             
00001ec1  UARTCharPut             
00001e4b  UARTCharsAvail          
00001a51  UARTConfigSetExpClk     
00001c55  UARTDisable             
00001d5d  UARTEnable              
2000046c  __STACK_END             
00000200  __STACK_SIZE            
2000046c  __STACK_TOP             
00002210  __TI_CINIT_Base         
00002228  __TI_CINIT_Limit        
000021f0  __TI_Handler_Table_Base 
000021fc  __TI_Handler_Table_Limit
00001775  __TI_auto_init          
200004bc  __TI_cleanup_ptr        
00001e59  __TI_decompress_none    
00001edd  __TI_decompress_rle24   
200004c0  __TI_dtors_ptr          
00000000  __TI_static_base__      
00001e8b  __TI_zero_init          
00001575  __aeabi_cdcmpeq         
00001575  __aeabi_cdcmple         
000015fb  __aeabi_cdrcmple        
00001add  __aeabi_d2uiz           
00000dc3  __aeabi_dadd            
00000f6f  __aeabi_ddiv            
000012e9  __aeabi_dmul            
00000db9  __aeabi_dsub            
000016fb  __aeabi_memclr          
000016fb  __aeabi_memclr4         
000016fb  __aeabi_memclr8         
000014d9  __aeabi_memcpy          
000014d9  __aeabi_memcpy4         
000014d9  __aeabi_memcpy8         
000016fd  __aeabi_memset          
000016fd  __aeabi_memset4         
000016fd  __aeabi_memset8         
00001c75  __aeabi_ui2d            
ffffffff  __binit__               
ffffffff  __c_args__              
2000026c  __stack                 
00001d31  _args_main              
0000196d  _c_int00                
200004b4  _lock                   
00001d7f  _nop                    
00001d77  _register_lock          
00001d71  _register_unlock        
00001ee3  _system_pre_init        
200004b8  _unlock                 
00001a9d  abort                   
ffffffff  binit                   
000019bd  copy_in                 
200004d8  counterms               
000004a1  delayMS                 
20000488  distance                
20000480  distanceL               
20000478  distanceR               
00001aa5  exit                    
20000000  g_pfnRAMVectors         
00000000  g_pfnVectors            
200004ac  heej                    
000002db  init_pwm                
0000026d  init_uart               
000009f1  main                    
200004c4  main_func_sp            
000014d9  memcpy                  
00001703  memset                  
00000557  motor_h                 
000004bd  motor_v                 
00000611  move_backward           
000005ed  move_forward            
00000631  move_stop               
00000661  move_turn               
2000049c  newPulseL               
20000498  newPulseR               
20000474  pwmPeriod               
200004a8  pwmValue                
20000470  running                 
20000490  target_distance         
200004a0  testCounter             
200004a4  testCounter2            
200004c8  ui32ADC0Value           
200004dc  ui32Distance            
200004e0  ui32Distance2           
200004e4  ui32Distance3           
200004e8  ui32Period              
200004ec  ui32Timer               
200004f0  ui32Timer2              
200004f4  ui32Timer3              
200004b0  value                   


GLOBAL SYMBOLS: SORTED BY Symbol Address 

address   name                    
-------   ----                    
00000000  __TI_static_base__      
00000000  g_pfnVectors            
00000200  __STACK_SIZE            
0000026d  init_uart               
000002db  init_pwm                
000004a1  delayMS                 
000004bd  motor_v                 
00000557  motor_h                 
000005ed  move_forward            
00000611  move_backward           
00000631  move_stop               
00000661  move_turn               
000006cd  ADC0IntHandler          
0000079d  TrigUp                  
000007cb  TrigDown                
00000813  TrigUp2                 
00000841  TrigDown2               
000008cf  TrigUp3                 
000008fd  TrigDown3               
000009f1  main                    
00000db9  __aeabi_dsub            
00000dc3  __aeabi_dadd            
00000f6f  __aeabi_ddiv            
000010a5  GPIOPadConfigSet        
000011d9  SysCtlClockGet          
000012e9  __aeabi_dmul            
000013e5  SysCtlClockSet          
000014d9  __aeabi_memcpy          
000014d9  __aeabi_memcpy4         
000014d9  __aeabi_memcpy8         
000014d9  memcpy                  
00001575  __aeabi_cdcmpeq         
00001575  __aeabi_cdcmple         
000015fb  __aeabi_cdrcmple        
00001681  ADCSequenceStepConfigure
000016fb  __aeabi_memclr          
000016fb  __aeabi_memclr4         
000016fb  __aeabi_memclr8         
000016fd  __aeabi_memset          
000016fd  __aeabi_memset4         
000016fd  __aeabi_memset8         
00001703  memset                  
00001775  __TI_auto_init          
0000184d  IntEnable               
000018b5  TimerConfigure          
00001915  GPIOIntTypeSet          
0000196d  _c_int00                
000019bd  copy_in                 
00001a09  GPIOPinConfigure        
00001a51  UARTConfigSetExpClk     
00001a99  C$$EXIT                 
00001a9d  abort                   
00001aa5  exit                    
00001add  __aeabi_d2uiz           
00001b61  ADCSequenceConfigure    
00001ba1  IntRegister             
00001bd5  SysCtlPeripheralEnable  
00001c09  GPIODirModeSet          
00001c33  PWMGenConfigure         
00001c55  UARTDisable             
00001c75  __aeabi_ui2d            
00001c95  ADCSequenceDataGet      
00001cb3  PWMPulseWidthSet        
00001cd1  ADCProcessorTrigger     
00001ce9  GPIOIntRegister         
00001d01  GPIOPinTypeGPIOOutput   
00001d19  TimerDisable            
00001d31  _args_main              
00001d49  SysCtlPWMClockSet       
00001d5d  UARTEnable              
00001d71  _register_unlock        
00001d77  _register_lock          
00001d7f  _nop                    
00001d85  GPIOPinTypeADC          
00001d97  GPIOPinTypeGPIOInput    
00001da9  GPIOPinTypePWM          
00001dbb  GPIOPinTypeUART         
00001dcd  PWMOutputState          
00001ddf  TimerLoadSet            
00001df1  ADCIntEnable            
00001e01  IntMasterEnable         
00001e11  PWMGenPeriodSet         
00001e21  ADCSequenceEnable       
00001e2f  GPIOIntDisable          
00001e3d  TimerEnable             
00001e4b  UARTCharsAvail          
00001e59  __TI_decompress_none    
00001e67  CPUcpsie                
00001e73  GPIOIntEnable           
00001e7f  PWMGenEnable            
00001e8b  __TI_zero_init          
00001e97  ResetISR                
00001ea3  ADCIntClear             
00001ead  TimerValueGet           
00001eb7  UARTCharGet             
00001ec1  UARTCharPut             
00001ecb  GPIOIntClear            
00001ed1  GPIOPinWrite            
00001ed7  SysCtlDelay             
00001edd  __TI_decompress_rle24   
00001ee3  _system_pre_init        
000021f0  __TI_Handler_Table_Base 
000021fc  __TI_Handler_Table_Limit
00002210  __TI_CINIT_Base         
00002228  __TI_CINIT_Limit        
20000000  g_pfnRAMVectors         
2000026c  __stack                 
2000046c  __STACK_END             
2000046c  __STACK_TOP             
20000470  running                 
20000474  pwmPeriod               
20000478  distanceR               
20000480  distanceL               
20000488  distance                
20000490  target_distance         
20000498  newPulseR               
2000049c  newPulseL               
200004a0  testCounter             
200004a4  testCounter2            
200004a8  pwmValue                
200004ac  heej                    
200004b0  value                   
200004b4  _lock                   
200004b8  _unlock                 
200004bc  __TI_cleanup_ptr        
200004c0  __TI_dtors_ptr          
200004c4  main_func_sp            
200004c8  ui32ADC0Value           
200004d8  counterms               
200004dc  ui32Distance            
200004e0  ui32Distance2           
200004e4  ui32Distance3           
200004e8  ui32Period              
200004ec  ui32Timer               
200004f0  ui32Timer2              
200004f4  ui32Timer3              
ffffffff  __binit__               
ffffffff  __c_args__              
ffffffff  binit                   
UNDEFED   SHT$$INIT_ARRAY$$Base   
UNDEFED   SHT$$INIT_ARRAY$$Limit  

[141 symbols]
